
> react-blog@0.1.0 build
> react-scripts build

node.exe : (node:1108) 
[DEP0176] 
DeprecationWarning: 
fs.F_OK is deprecated, 
use fs.constants.F_OK 
instead
At line:1 char:1
+ & "C:\Program 
Files\nodejs/node.exe" 
"C:\Program 
Files\nodejs/node_mo ...
+ ~~~~~~~~~~~~~~~~~~~~~~
~~~~~~~~~~~~~~~~~~~~~~~~
~~~~~~~~~~~~~~~~~~~~~~~
    + CategoryInfo      
        : NotSpecifi    
ed: ((node:1108) [    
DE...ts.F_OK inste    
ad:String) [], Rem    
oteException
    + FullyQualifiedEr  
  rorId : NativeComm    
andError
 
(Use `node 
--trace-deprecation 
...` to show where the 
warning was created)
Creating an optimized production build...
Failed to compile.

[eslint] 
src\App.js
Syntax error: Expected corresponding JSX closing tag for <Router>. (95:4) (95:4)


